// Vitest Snapshot v1

exports[`Header Component > should mount component 1`] = `
<header bg="white dark:dark-100" flex="" items="center" justify="between" p="2" px="sm:10" shadow="md"><label for="sidebar-toggle" sm="sr-only" color-dark-400="" p="4" title="Open menu"><svg width="1.2em" height="1.2em" fill="dark:white" viewBox="0 0 100 100" h="8">
      <use xlink:href="/assets/svg/svg-sprite-map.generated.svg#bars"></use>
    </svg></label>
  <h1 m="0" text="2xl"><a href="/" class="" color="inherit">Pok√©dex</a></h1>
  <div flex="" gap-xs="" items-center="" text-xs="" data-v-5e8d6225=""><input id="test-id" sr-only="" type="checkbox" data-v-5e8d6225=""><svg width="1.2em" height="1.2em" fill="dark:white" viewBox="0 0 100 100">
      <use xlink:href="/assets/svg/svg-sprite-map.generated.svg#sun"></use>
    </svg><label border="solid 1 gray-400 dark:gray-500" cursor-pointer="" h="5" p-x="1" relative="" rounded-full="" un-after="absolute top-0  w-4 h-4 rounded-full bg-slate-600 dark:bg-slate-300 duration-200" w="10" data-v-5e8d6225=""></label><svg width="1.2em" height="1.2em" fill="dark:white" viewBox="0 0 100 100">
      <use xlink:href="/assets/svg/svg-sprite-map.generated.svg#moon"></use>
    </svg></div>
</header>
`;
