// Vitest Snapshot v1

exports[`Header Component > should mount component 1`] = `
<header flex="" items="center" p="3" bg="red-400" shadow="md">
  <h1 m="0" text="2xl"><a href="/" class="" no-underline="" color="inherit">Pok√©dex</a></h1>
</header>
`;
