// Vitest Snapshot v1

exports[`Link Component > should mount component 1`] = `<a href="/" class="" no-underline="" color="inherit">I am a link</a>`;
