// Vitest Snapshot v1

exports[`Image Component > should mount component 1`] = `<img src="/img/my-src.png" alt="alt" class="--is-loading" data-v-0f97c247="">`;
